---
source: tests/integration.rs
expression: redacted
---
âœ¨ Creating worktree 'with-submodule' with new branch 'with-submodule'...
ðŸ“¦ Updated submodules
âœ… Worktree created at: /tmp/TEST_DIR/test-repo-with-submodule
  ðŸ’¡ To open it, run: agentdev worktree open with-submodule
