---
source: tests/integration.rs
expression: redacted
---
âœ¨ Creating worktree 'feature-x' with new branch 'feature-x'...
âœ… Worktree created at: /tmp/TEST_DIR/test-repo-feature-x
  ğŸ’¡ To open it, run: agentdev worktree open feature-x
